../Core/Src/main.c:60:22:DWT_Delay_us	24	static
../Core/Src/main.c:86:5:main	120	static
../Core/Src/main.c:169:6:SystemClock_Config	88	static
../Core/Src/main.c:215:13:MX_NVIC_Init	8	static
../Core/Src/main.c:227:13:MX_GPIO_Init	32	static
../Core/Src/main.c:253:13:SetClockToInt	8	static
../Core/Src/main.c:258:13:SetPinToInput	16	static
../Core/Src/main.c:263:13:SetPinToOutput	16	static
../Core/Src/main.c:268:6:HAL_GPIO_EXTI_Callback	16	static
../Core/Src/main.c:293:10:DWT_Delay_Init	4	static,ignoring_inline_asm
../Core/Src/main.c:330:6:Error_Handler	4	static,ignoring_inline_asm
