../Core/Src/main.c:94:22:DWT_Delay_ms	24	static
../Core/Src/main.c:101:22:DWT_Delay_us	24	static
../Core/Src/main.c:210:5:main	120	static
../Core/Src/main.c:396:6:SystemClock_Config	88	static
../Core/Src/main.c:442:13:MX_NVIC_Init	8	static
../Core/Src/main.c:454:13:MX_GPIO_Init	40	static
../Core/Src/main.c:494:13:melbusInitReq	8	static
../Core/Src/main.c:512:6:SendByteToMelbus	16	static
../Core/Src/main.c:537:6:SendByteToMelbus2	16	static
../Core/Src/main.c:559:6:SendText	16	static
../Core/Src/main.c:591:13:SetClockToInt	8	static
../Core/Src/main.c:596:13:SetPinToInput	16	static
../Core/Src/main.c:601:13:SetPinToOutput	16	static
../Core/Src/main.c:606:6:HAL_GPIO_EXTI_Callback	16	static
../Core/Src/main.c:631:10:DWT_Delay_Init	4	static,ignoring_inline_asm
../Core/Src/main.c:668:6:Error_Handler	4	static,ignoring_inline_asm
